// Jest Snapshot v1, https://goo.gl/fbAQLP

exports[`className is added to the root element 1`] = `"pf-c-card__title extra-class"`;

exports[`onExpand adds the toggle button 1`] = `
<CardHeader
  onExpand={[MockFunction]}
>
  <div
    className="pf-c-card__header"
  >
    <div
      className="pf-c-card__header-toggle"
    >
      <Button
        onClick={[Function]}
        type="button"
        variant="plain"
      >
        <ButtonBase
          innerRef={null}
          onClick={[Function]}
          type="button"
          variant="plain"
        >
          <button
            aria-disabled={false}
            aria-label={null}
            className="pf-c-button pf-m-plain"
            data-ouia-component-id="OUIA-Generated-Button-plain-1"
            data-ouia-component-type="PF4/Button"
            data-ouia-safe={true}
            disabled={false}
            onClick={[Function]}
            role={null}
            type="button"
          >
            <span
              className="pf-c-card__header-toggle-icon"
            >
              <AngleRightIcon
                aria-hidden="true"
                color="currentColor"
                noVerticalAlign={false}
                size="sm"
              >
                <svg
                  aria-hidden="true"
                  aria-labelledby={null}
                  className="pf-svg-size-sm"
                  fill="currentColor"
                  role="img"
                  viewBox="0 0 256 512"
                >
                  <path
                    d="M224.3 273l-136 136c-9.4 9.4-24.6 9.4-33.9 0l-22.6-22.6c-9.4-9.4-9.4-24.6 0-33.9l96.4-96.4-96.4-96.4c-9.4-9.4-9.4-24.6 0-33.9L54.3 103c9.4-9.4 24.6-9.4 33.9 0l136 136c9.5 9.4 9.5 24.6.1 34z"
                  />
                </svg>
              </AngleRightIcon>
            </span>
          </button>
        </ButtonBase>
      </Button>
    </div>
  </div>
</CardHeader>
`;

exports[`renders with PatternFly Core styles 1`] = `
<div
  className="pf-c-card__title"
/>
`;
