// Jest Snapshot v1, https://goo.gl/fbAQLP

exports[`additional props should be spread to the root svg element 1`] = `
<svg
  aria-hidden={true}
  aria-labelledby={null}
  className="pf-svg-size-sm"
  data-testid="icon"
  fill="currentColor"
  role="img"
  viewBox="0 0 10 20"
>
  <path
    d="svgPath"
  />
</svg>
`;

exports[`height and width are set from size: height 1`] = `undefined`;

exports[`height and width are set from size: width 1`] = `undefined`;
